../Core/Src/display_bringup.c:21:6:DisplayBringup_ResetHeartbeatTest	32	static
../Core/Src/display_bringup.c:46:6:DisplayBringup_DisplayExperiment	8	static
../Core/Src/display_bringup.c:61:6:DisplayBringup_BitBangSpiColorTest	32	static
../Core/Src/display_bringup.c:104:6:DisplayBringup_HardwareSpiColorTest	8	static
../Core/Src/display_bringup.c:138:13:TFT_BB_Delay	16	static
../Core/Src/display_bringup.c:145:13:TFT_BB_Write8	24	static
../Core/Src/display_bringup.c:158:13:TFT_BB_Command	16	static
../Core/Src/display_bringup.c:166:13:TFT_BB_Data	16	static
../Core/Src/display_bringup.c:174:13:TFT_BB_SetAddress	24	static
../Core/Src/display_bringup.c:189:13:TFT_BB_Fill	24	static
../Core/Src/display_bringup.c:204:13:TFT_HW_Write8	16	static
../Core/Src/display_bringup.c:209:13:TFT_HW_Command	16	static
../Core/Src/display_bringup.c:217:13:TFT_HW_Data	16	static
../Core/Src/display_bringup.c:225:13:TFT_HW_SetAddress	24	static
../Core/Src/display_bringup.c:240:13:TFT_HW_Fill	24	static
