../Core/Src/main.c:83:5:main	1
../Core/Src/main.c:197:6:SystemClock_Config	3
../Core/Src/main.c:245:13:MX_SPI1_Init	2
../Core/Src/main.c:283:13:MX_USART2_UART_Init	2
../Core/Src/main.c:316:13:MX_GPIO_Init	1
../Core/Src/main.c:361:13:TFT_BB_Delay	2
../Core/Src/main.c:368:13:TFT_BB_Write8	2
../Core/Src/main.c:381:13:TFT_BB_Command	1
../Core/Src/main.c:389:13:TFT_BB_Data	1
../Core/Src/main.c:397:13:TFT_BB_SetAddress	1
../Core/Src/main.c:412:13:TFT_BB_Fill	2
../Core/Src/main.c:427:13:TFT_BitBang_Test	1
../Core/Src/main.c:470:13:TFT_HW_Write8	1
../Core/Src/main.c:475:13:TFT_HW_Command	1
../Core/Src/main.c:483:13:TFT_HW_Data	1
../Core/Src/main.c:491:13:TFT_HW_SetAddress	1
../Core/Src/main.c:506:13:TFT_HW_Fill	2
../Core/Src/main.c:521:13:TFT_HardwareSpi_Test	1
../Core/Src/main.c:561:6:Error_Handler	1
