../Core/Src/stopwatch_display.c:39:6:StopwatchDisplay_Init	8	static
../Core/Src/stopwatch_display.c:49:6:StopwatchDisplay_Run	32	static
../Core/Src/stopwatch_display.c:67:13:StopwatchDisplay_ParseTime	24	static
../Core/Src/stopwatch_display.c:97:13:StopwatchDisplay_DrawFrame	8	static
../Core/Src/stopwatch_display.c:104:13:StopwatchDisplay_DrawTime	24	static
../Core/Src/stopwatch_display.c:139:17:StopwatchDisplay_CharX	16	static
../Core/Src/stopwatch_display.c:152:17:StopwatchDisplay_CharWidth	16	static
../Core/Src/stopwatch_display.c:157:13:StopwatchDisplay_ClearChar	40	static
../Core/Src/stopwatch_display.c:162:13:StopwatchDisplay_DrawDigit	48	static
../Core/Src/stopwatch_display.c:196:13:StopwatchDisplay_DrawColon	40	static
