../Core/Src/uart1_line_receiver.c:22:6:Uart1LineReceiver_Init	8	static
../Core/Src/uart1_line_receiver.c:39:6:Uart1LineReceiver_ReadLine	16	static,ignoring_inline_asm
../Core/Src/uart1_line_receiver.c:55:10:Uart1LineReceiver_GetByteCount	4	static
../Core/Src/uart1_line_receiver.c:60:10:Uart1LineReceiver_GetLineCount	4	static
../Core/Src/uart1_line_receiver.c:65:10:Uart1LineReceiver_GetOverflowCount	4	static
../Core/Src/uart1_line_receiver.c:70:10:Uart1LineReceiver_GetErrorCount	4	static
../Core/Src/uart1_line_receiver.c:75:9:Uart1LineReceiver_GetLastByte	4	static
../Core/Src/uart1_line_receiver.c:80:19:Uart1LineReceiver_GetStartStatus	4	static
../Core/Src/uart1_line_receiver.c:85:6:HAL_UART_RxCpltCallback	24	static
../Core/Src/uart1_line_receiver.c:129:6:HAL_UART_ErrorCallback	16	static
