../Core/Src/weather_display.c:44:6:WeatherDisplay_Init	8	static
../Core/Src/weather_display.c:62:6:WeatherDisplay_Run	168	static
../Core/Src/weather_display.c:87:13:WeatherDisplay_ParseLine	24	static
../Core/Src/weather_display.c:131:13:WeatherDisplay_DrawFrame	16	static
../Core/Src/weather_display.c:141:13:WeatherDisplay_DrawDebug	72	static
../Core/Src/weather_display.c:179:13:WeatherDisplay_DrawData	256	static
../Core/Src/weather_display.c:218:13:WeatherDisplay_DrawWeatherShell	16	static
../Core/Src/weather_display.c:232:13:WeatherDisplay_DrawChangedField	40	static
../Core/Src/weather_display.c:245:20:WeatherDisplay_CodeText	16	static
