../LCD/ILI9341/ILI9341_Driver.c:19:6:ILI9341_Init	8	static
../LCD/ILI9341/ILI9341_Driver.c:161:13:ILI9341_SPI_Init	8	static
../LCD/ILI9341/ILI9341_Driver.c:179:6:ILI9341_SPI_Send	16	static
../LCD/ILI9341/ILI9341_Driver.c:184:6:ILI9341_SPI_Send_Multiple	16	static
../LCD/ILI9341/ILI9341_Driver.c:189:6:ILI9341_Reset	8	static
../LCD/ILI9341/ILI9341_Driver.c:200:6:ILI9341_Set_Rotation	16	static
../LCD/ILI9341/ILI9341_Driver.c:226:6:ILI9341_SPI_Send_32	16	static
../LCD/ILI9341/ILI9341_Driver.c:239:6:ILI9341_Set_Address	32	static
../LCD/ILI9341/ILI9341_Driver.c:251:6:ILI9341_Fill_Screen	16	static
../LCD/ILI9341/ILI9341_Driver.c:257:6:ILI9341_Draw_Pixel	24	static
../LCD/ILI9341/ILI9341_Driver.c:271:6:ILI9341_Draw_Filled_Rectangle	24	static
../LCD/ILI9341/ILI9341_Driver.c:277:6:ILI9341_Draw_Empty_Rectangle	32	static
../LCD/ILI9341/ILI9341_Driver.c:285:6:ILI9341_Draw_Line	56	static
../LCD/ILI9341/ILI9341_Driver.c:333:6:ILI9341_Draw_Circle	72	static
../LCD/ILI9341/ILI9341_Driver.c:418:6:ILI9341_Draw_String	32	static
../LCD/ILI9341/ILI9341_Driver.c:452:13:ILI9341_Send_Command	16	static
../LCD/ILI9341/ILI9341_Driver.c:461:13:ILI9341_Send_Data	16	static
../LCD/ILI9341/ILI9341_Driver.c:470:13:ILI9341_Send_Burst	24	static
../LCD/ILI9341/ILI9341_Driver.c:526:6:ILI9341_Draw_Double_Pixel	24	static
../LCD/ILI9341/ILI9341_Driver.c:540:13:ILI9341_Draw_Char	32	static
../LCD/ILI9341/ILI9341_Driver.c:592:13:Before_Sending_Data	8	static
../LCD/ILI9341/ILI9341_Driver.c:597:13:Before_Sending_Command	8	static
